Microchip Technology Inc, v1.60 (B)

Tool Name:
  c:\program files\microchip\xc16\v1.60\bin\bin\..\bin/elf-ld.exe

Command:
  -p24F16KA101 \
  --mdfp=C:/Program Files (x86)/Microchip/MPLABX/v5.40/packs/Microchip/PIC24F-KA-KL-KM_DFP/1.3.49/xc16 \
  -o \
  dist/default/production/sWear_9DOF.production.elf \
  -Lc:/program files/microchip/xc16/v1.60/bin/bin/.. \
  -LC:/Program Files (x86)/Microchip/MPLABX/v5.40/packs/Microchip/PIC24F-KA-KL-KM_DFP/1.3.49/xc16/bin/../support/PIC24F/gld \
  -Lc:/program files/microchip/xc16/v1.60/bin/bin/../../lib \
  -Lc:/program files/microchip/xc16/v1.60/bin/bin/../../support/PIC24E/gld \
  -Lc:/program files/microchip/xc16/v1.60/bin/bin/../../support/PIC24F/gld \
  -Lc:/program files/microchip/xc16/v1.60/bin/bin/../../support/PIC24H/gld \
  -Lc:/program files/microchip/xc16/v1.60/bin/bin/../../support/dsPIC30F/gld \
  -Lc:/program files/microchip/xc16/v1.60/bin/bin/../../support/dsPIC33C/gld \
  -Lc:/program files/microchip/xc16/v1.60/bin/bin/../../support/dsPIC33E/gld \
  -Lc:/program files/microchip/xc16/v1.60/bin/bin/../../support/dsPIC33F/gld \
  build/default/production/funcs.o \
  build/default/production/nodemain.o \
  build/default/production/bmi160bmm150.o \
  build/default/production/base64.o \
  build/default/production/sensor.o \
  build/default/production/ads1293.o \
  build/default/production/board_comms.o \
  build/default/production/I2Clib.o \
  build/default/production/SPIlib.o \
  build/default/production/strain_adc.o \
  build/default/production/max32664.o \
  --defsym=__MPLAB_BUILD=1 \
  -Tp24F16KA101.gld.00 \
  --stack=16 \
  --check-sections \
  --data-init \
  --pack-data \
  --handles \
  --isr \
  --no-gc-sections \
  --fill-upper=0 \
  --stackguard=16 \
  --no-force-link \
  --smart-io \
  -Map=dist/default/production/sWear_9DOF.production.map \
  --report-mem \
  --memorysummary \
  dist/default/production/memoryfile.xml \
  -start-group \
  --library=lega-pic30-elf \
  --library=m-elf \
  --library=lega-c-elf \
  -end-group \


Optional library libpPIC24Fxxx.a not found
Archive member included because of file (symbol)

c:/program files/microchip/xc16/v1.60/bin/bin/../../lib\liblega-pic30-elf.a(crt0_standard.o)
                              (__resetPRI)
c:/program files/microchip/xc16/v1.60/bin/bin/../../lib\liblega-pic30-elf.a(data_init_standard.o)
                              c:/program files/microchip/xc16/v1.60/bin/bin/../../lib\liblega-pic30-elf.a(crt0_standard.o) (__data_init_standard)
c:/program files/microchip/xc16/v1.60/bin/bin/../../lib\liblega-pic30-elf.a(crt_start_mode_normal.Leo)
                              (__crt_start_mode_normal)
c:/program files/microchip/xc16/v1.60/bin/bin/../../lib\liblega-pic30-elf.a(delay32.Leo)
                              build/default/production/SPIlib.o (___delay32)


Selected CodeGuard Options:
  FGS:GWRP:OFF
  FGS:GCP:OFF
  FBS:BWRP:OFF
  FBS:BSS:OFF

CodeGuard FLASH Memory:
  boot    (none)
  secure  (none)
  general 0x200 to 0x2bfe

CodeGuard RAM Memory:
  general 0x800 to 0xdff
  secure  (none)
  boot    (none)

CodeGuard EEPROM Memory:
  general 0x7ffe00 to 0x7fffff
  secure  (none)
  boot    (none)


xc16-ld 1.60 (B)

Default Code Model: Small
Default Data Model: Small
Default Scalar Model: Small

"program" Memory  [Origin = 0x200, Length = 0x2a00]

section                    address   length (PC units)   length (bytes) (dec)
-------                    -------   -----------------   --------------------
.text                        0x200               0x294           0x3de  (990)
.const                       0x494                0x60            0x90  (144)
.text                        0x4f4              0x1eb4          0x2e0e  (11790)
.dinit                      0x23a8                0x2c            0x42  (66)
.text                       0x23d4                0x24            0x36  (54)
.init.delay32               0x23f8                0x1c            0x2a  (42)
.text                       0x2414                0x12            0x1b  (27)

                 Total "program" memory used (bytes):         0x3339  (13113) 81%


Data EEPROM Memory  [Origin = 0x7ffe00, Length = 0x200]

section                    address   length (PC units)   length (bytes) (dec)
-------                    -------   -----------------   --------------------
.eedata                   0x7ffe00                0x1e            0x1e  (30)

                 Total data EEPROM used (bytes):           0x1e  (30) 5%


"data" Memory  [Origin = 0x800, Length = 0x600]

section                    address      alignment gaps    total length  (dec)
-------                    -------      --------------    -------------------
.nbss                        0x800                   0           0x190  (400)
.ndata                       0x990                   0             0x6  (6)
.nbss                        0x996                   0             0x2  (2)

                 Total "data" memory used (bytes):          0x198  (408) 26%


Dynamic Memory Usage

region                     address                      maximum length  (dec)
------                     -------                      ---------------------
heap                             0                                   0  (0)
stack                        0x998                               0x468  (1128)

                 Maximum dynamic memory (bytes):          0x468  (1128)

Info: Project is using a large data memory model when small data memory model is sufficient.


External Symbols in Data Memory (by address):

                    0x0800                  _samplingTimer
                    0x0801                  _rxByteCount
                    0x0802                  _shouldUpdate
                    0x0804                  _candidateUID
                    0x0806                  _doPacing
                    0x0808                  _boardSettings
                    0x0826                  _FIFO
                    0x08a6                  _fifoHead
                    0x08a7                  _fifoTail
                    0x08a8                  _rxFIFO
                    0x08e8                  _rxHead
                    0x08e9                  _rxTail
                    0x08ea                  _protocolFSM
                    0x08ec                  _bSendData
                    0x08ee                  _crc8
                    0x08ef                  _accNew
                    0x08f0                  _currentReadings
                    0x0908                  _currentReadingsLite
                    0x0920                  _deferredFullDump
                    0x0921                  _protocolParameters
                    0x095d                  _protocolParamCount
                    0x0986                  _ecg_buffer
                    0x0990                  _I2C_Wflag
                    0x0992                  _I2C_Rflag
                    0x0994                  _rxWaiting
                    0x0996                  _ticks

External Symbols in Data Memory (by name):

                    0x0826                  _FIFO
                    0x0992                  _I2C_Rflag
                    0x0990                  _I2C_Wflag
                    0x08ef                  _accNew
                    0x08ec                  _bSendData
                    0x0808                  _boardSettings
                    0x0804                  _candidateUID
                    0x08ee                  _crc8
                    0x08f0                  _currentReadings
                    0x0908                  _currentReadingsLite
                    0x0920                  _deferredFullDump
                    0x0806                  _doPacing
                    0x0986                  _ecg_buffer
                    0x08a6                  _fifoHead
                    0x08a7                  _fifoTail
                    0x08ea                  _protocolFSM
                    0x095d                  _protocolParamCount
                    0x0921                  _protocolParameters
                    0x0801                  _rxByteCount
                    0x08a8                  _rxFIFO
                    0x08e8                  _rxHead
                    0x08e9                  _rxTail
                    0x0994                  _rxWaiting
                    0x0800                  _samplingTimer
                    0x0802                  _shouldUpdate
                    0x0996                  _ticks

External Symbols in Data EEPROM (by address):

                  0x7ffe00                  _eeData

External Symbols in Data EEPROM (by name):

                  0x7ffe00                  _eeData

External Symbols in Program Memory (by address):

                  0x000200                  __resetPRI
                  0x00023c                  __psv_init
                  0x000252                  __data_init
                  0x000252                  __data_init_standard
                  0x0002c8                  __U1RXInterrupt
                  0x0002ec                  __MI2C1Interrupt
                  0x00048e                  __DefaultInterrupt
                  0x000494                  _base64Lookup
                  0x0004f4                  _BMI160_getDeviceID
                  0x0004fa                  _BMI160_testConnection
                  0x000508                  _BMI160_getMagRate
                  0x000512                  _BMI160_setMagRate
                  0x00051e                  _BMI160_getGyroRate
                  0x000528                  _BMI160_setGyroRate
                  0x000534                  _BMI160_getAccelRate
                  0x00053e                  _BMI160_setAccelRate
                  0x00054a                  _BMI160_getGyroDLPFMode
                  0x000554                  _BMI160_setGyroDLPFMode
                  0x000560                  _BMI160_getAccelDLPFMode
                  0x00056a                  _BMI160_setAccelDLPFMode
                  0x000576                  _BMI160_getFullScaleGyroRange
                  0x000580                  _BMI160_setFullScaleGyroRange
                  0x00058c                  _BMI160_getFullScaleAccelRange
                  0x000596                  _BMI160_setFullScaleAccelRange
                  0x0005a2                  _BMI160_init
                  0x0006c8                  _BMI160_getAccelOffsetEnabled
                  0x0006d8                  _BMI160_setAccelOffsetEnabled
                  0x0006e4                  _BMI160_autoCalibrateXAccelOffset
                  0x000720                  _BMI160_autoCalibrateYAccelOffset
                  0x00075c                  _BMI160_autoCalibrateZAccelOffset
                  0x000798                  _BMI160_getXAccelOffset
                  0x00079e                  _BMI160_getYAccelOffset
                  0x0007a4                  _BMI160_getZAccelOffset
                  0x0007aa                  _BMI160_getGyroOffsetEnabled
                  0x0007ba                  _BMI160_setGyroOffsetEnabled
                  0x0007c6                  _BMI160_autoCalibrateGyroOffset
                  0x0007ee                  _BMI160_getXGyroOffset
                  0x00080e                  _BMI160_getYGyroOffset
                  0x00082e                  _BMI160_getZGyroOffset
                  0x00084e                  _BMI160_getFreefallDetectionThreshold
                  0x000854                  _BMI160_setFreefallDetectionThreshold
                  0x00085c                  _BMI160_getFreefallDetectionDuration
                  0x000862                  _BMI160_setFreefallDetectionDuration
                  0x00086a                  _BMI160_getShockDetectionThreshold
                  0x000870                  _BMI160_setShockDetectionThreshold
                  0x000878                  _BMI160_getShockDetectionDuration
                  0x00087e                  _BMI160_setShockDetectionDuration
                  0x000886                  _BMI160_getStepDetectionMode
                  0x0008c6                  _BMI160_setStepDetectionMode
                  0x0008f2                  _BMI160_getStepCountEnabled
                  0x000902                  _BMI160_setStepCountEnabled
                  0x00090e                  _BMI160_getStepCount
                  0x00092a                  _BMI160_resetStepCount
                  0x000932                  _BMI160_getMotionDetectionThreshold
                  0x000938                  _BMI160_setMotionDetectionThreshold
                  0x000940                  _BMI160_getMotionDetectionDuration
                  0x00094c                  _BMI160_setMotionDetectionDuration
                  0x000958                  _BMI160_getZeroMotionDetectionThreshold
                  0x00095e                  _BMI160_setZeroMotionDetectionThreshold
                  0x000966                  _BMI160_getZeroMotionDetectionDuration
                  0x000970                  _BMI160_setZeroMotionDetectionDuration
                  0x00097c                  _BMI160_getTapDetectionThreshold
                  0x000986                  _BMI160_setTapDetectionThreshold
                  0x000992                  _BMI160_getTapShockDuration
                  0x0009a2                  _BMI160_setTapShockDuration
                  0x0009ae                  _BMI160_getTapQuietDuration
                  0x0009be                  _BMI160_setTapQuietDuration
                  0x0009ca                  _BMI160_getDoubleTapDetectionDuration
                  0x0009d4                  _BMI160_setDoubleTapDetectionDuration
                  0x0009e0                  _BMI160_getIntFreefallEnabled
                  0x0009f0                  _BMI160_setIntFreefallEnabled
                  0x0009fc                  _BMI160_getIntShockEnabled
                  0x000a0c                  _BMI160_setIntShockEnabled
                  0x000a1e                  _BMI160_getIntStepEnabled
                  0x000a2e                  _BMI160_setIntStepEnabled
                  0x000a3a                  _BMI160_getIntMotionEnabled
                  0x000a4a                  _BMI160_setIntMotionEnabled
                  0x000a5c                  _BMI160_getIntZeroMotionEnabled
                  0x000a6c                  _BMI160_setIntZeroMotionEnabled
                  0x000a88                  _BMI160_getIntTapEnabled
                  0x000a98                  _BMI160_setIntTapEnabled
                  0x000aa4                  _BMI160_getIntDoubleTapEnabled
                  0x000ab4                  _BMI160_setIntDoubleTapEnabled
                  0x000ac0                  _BMI160_getIntFIFOBufferFullEnabled
                  0x000ad0                  _BMI160_setIntFIFOBufferFullEnabled
                  0x000adc                  _BMI160_getIntDataReadyEnabled
                  0x000aec                  _BMI160_setIntDataReadyEnabled
                  0x000af8                  _BMI160_getAccelFIFOEnabled
                  0x000b08                  _BMI160_setAccelFIFOEnabled
                  0x000b14                  _BMI160_getGyroFIFOEnabled
                  0x000b24                  _BMI160_setGyroFIFOEnabled
                  0x000b30                  _BMI160_getFIFOCount
                  0x000b4c                  _BMI160_resetFIFO
                  0x000b54                  _BMI160_resetInterrupt
                  0x000b5c                  _BMI160_getFIFOHeaderModeEnabled
                  0x000b6c                  _BMI160_setFIFOHeaderModeEnabled
                  0x000b78                  _BMI160_getFIFOBytes
                  0x000b88                  _BMI160_getIntStatus0
                  0x000b8e                  _BMI160_getIntStatus1
                  0x000b94                  _BMI160_getIntStatus2
                  0x000b9a                  _BMI160_getIntStatus3
                  0x000ba0                  _BMI160_getIntFreefallStatus
                  0x000bb0                  _BMI160_getIntTapStatus
                  0x000bc0                  _BMI160_getIntDoubleTapStatus
                  0x000bd0                  _BMI160_getIntShockStatus
                  0x000be0                  _BMI160_getXNegShockDetected
                  0x000bee                  _BMI160_getXPosShockDetected
                  0x000bfc                  _BMI160_getYNegShockDetected
                  0x000c0a                  _BMI160_getYPosShockDetected
                  0x000c18                  _BMI160_getZNegShockDetected
                  0x000c26                  _BMI160_getZPosShockDetected
                  0x000c34                  _BMI160_getIntStepStatus
                  0x000c44                  _BMI160_getIntMotionStatus
                  0x000c54                  _BMI160_getXNegMotionDetected
                  0x000c62                  _BMI160_getXPosMotionDetected
                  0x000c70                  _BMI160_getYNegMotionDetected
                  0x000c7e                  _BMI160_getYPosMotionDetected
                  0x000c8c                  _BMI160_getZNegMotionDetected
                  0x000c9a                  _BMI160_getZPosMotionDetected
                  0x000ca8                  _BMI160_getXNegTapDetected
                  0x000cba                  _BMI160_getXPosTapDetected
                  0x000ccc                  _BMI160_getYNegTapDetected
                  0x000cde                  _BMI160_getYPosTapDetected
                  0x000cf0                  _BMI160_getZNegTapDetected
                  0x000d02                  _BMI160_getZPosTapDetected
                  0x000d14                  _BMI160_getIntZeroMotionStatus
                  0x000d24                  _BMI160_getIntFIFOBufferFullStatus
                  0x000d34                  _BMI160_getIntDataReadyStatus
                  0x000d44                  _BMI160_getInterruptMode
                  0x000d54                  _BMI160_setInterruptMode
                  0x000d62                  _BMI160_getInterruptDrive
                  0x000d72                  _BMI160_setInterruptDrive
                  0x000d7e                  _BMI160_getInterruptLatch
                  0x000d88                  _BMI160_setInterruptLatch
                  0x000d94                  _BMI160_getIntEnabled
                  0x000da4                  _BMI160_setIntEnabled
                  0x000db0                  _BMI160_getMotion6
                  0x000e14                  _BMI160_getMotion9
                  0x000eb0                  _BMI160_getMotion6Packet
                  0x000f28                  _BMI160_getMotion9Packet
                  0x000fe2                  _BMI160_getAcceleration
                  0x00101e                  _BMI160_getAccelerationX
                  0x00103a                  _BMI160_setXAccelOffset
                  0x001044                  _BMI160_getAccelerationY
                  0x001060                  _BMI160_setYAccelOffset
                  0x00106a                  _BMI160_getAccelerationZ
                  0x001086                  _BMI160_setZAccelOffset
                  0x001090                  _BMI160_getTemperature
                  0x0010ac                  _BMI160_getRotation
                  0x0010e8                  _BMI160_getRotationX
                  0x001104                  _BMI160_setXGyroOffset
                  0x00111e                  _BMI160_getRotationY
                  0x00113a                  _BMI160_setYGyroOffset
                  0x001154                  _BMI160_getRotationZ
                  0x001170                  _BMI160_setZGyroOffset
                  0x00118a                  _BMI160_getMagneto
                  0x0011c6                  _BMI160_getMagnetoX
                  0x0011e2                  _BMI160_getMagnetoY
                  0x0011fe                  _BMI160_getMagnetoZ
                  0x00121a                  _BMI160_getRegister
                  0x00121e                  _BMI160_setRegister
                  0x001222                  _BMX160_writeNVM
                  0x00124e                  _BMX160_setAccelLowPower
                  0x001256                  _BMI160_autoCalibrateAll
                  0x001292                  _BMI160_setOffsets
                  0x0012b6                  _shortWait
                  0x0012c8                  _longWait
                  0x0012ea                  _nibbleToASCII
                  0x0012f8                  _ASCIItoNibble
                  0x001330                  _isValidASCIIHEX
                  0x001366                  _docrc8
                  0x001388                  _ReadEEPROM
                  0x001398                  _WriteEEPROM
                  0x0013f0                  _loadSettingsFromEEPROM
                  0x001426                  _setupPIC
                  0x0014a6                  _debugTX
                  0x0014bc                  _reqFrame
                  0x0014ce                  _updateCRC
                  0x0014ea                  _queueEEPROM
                  0x001548                  _getFlag
                  0x001558                  _queue_sensor_as_ASCII_HEX
                  0x0015d2                  _queue_sensor_as_base_64
                  0x0016b8                  _setFlag
                  0x0016bc                  _clearFlag
                  0x0016c2                  _doProtocolFSM
                  0x001a1e                  _doContinuousRead
                  0x001a26                  _ProcessIO
                  0x001c3e                  _accSend
                  0x001c54                  _system_shdn
                  0x001c88                  _FIFO_CONFIG
                  0x001cbc                  _application_mode
                  0x001cd4                  _set_dev_mode
                  0x001cf4                  _max32664_init
                  0x001d00                  _get_dev_mode
                  0x001d2c                  _MAX32664_testConnection
                  0x001d64                  _PPG_raw_data
                  0x001ee8                  _system_swon
                  0x001f1c                  _MAX32664_getPacket
                  0x001ffe                  _comms_init
                  0x002002                  _reg_read
                  0x002040                  _reg_write
                  0x002068                  _serial_buffer_transfer
                  0x0020ba                  _reg_write_bits
                  0x0020e8                  _reg_read_bits
                  0x002126                  _I2C1_Initialize
                  0x00214a                  _I2C1_ErrorCountGet
                  0x00214e                  _I2C1_MasterTRBInsert
                  0x00218e                  _I2C1_MasterReadTRBBuild
                  0x00219a                  _I2C1_MasterRead
                  0x0021bc                  _I2C1_MasterWriteTRBBuild
                  0x0021c4                  _I2C1_MasterWrite
                  0x0021e6                  _I2C1_MasterQueueIsEmpty
                  0x0021ec                  _I2C1_MasterQueueIsFull
                  0x0021f2                  _ADS1293_setupExtClockOC
                  0x002208                  _ADS1293_testConnection
                  0x002216                  _ADS1293_init
                  0x00226c                  _ADS1293_getPacket
                  0x0022b4                  _SPI_init
                  0x0022c4                  _SPI_transaction
                  0x002336                  _SPI_reg_read
                  0x002350                  _SPI_reg_write
                  0x00236a                  _adc_init
                  0x002380                  _Strain_getPacket
                  0x0023d4                  _main
                  0x0023f8                  ___delay32
                  0x002414                  _sensor_init
                  0x00241a                  _sensor_test_connection
                  0x00241e                  _sensor_get_packet_full
                  0x002422                  _sensor_get_packet_lite
                  0xf80000                  __FBS.sec
                  0xf80004                  __FGS.sec

External Symbols in Program Memory (by name):

                  0x00226c                  _ADS1293_getPacket
                  0x002216                  _ADS1293_init
                  0x0021f2                  _ADS1293_setupExtClockOC
                  0x002208                  _ADS1293_testConnection
                  0x0012f8                  _ASCIItoNibble
                  0x001256                  _BMI160_autoCalibrateAll
                  0x0007c6                  _BMI160_autoCalibrateGyroOffset
                  0x0006e4                  _BMI160_autoCalibrateXAccelOffset
                  0x000720                  _BMI160_autoCalibrateYAccelOffset
                  0x00075c                  _BMI160_autoCalibrateZAccelOffset
                  0x000560                  _BMI160_getAccelDLPFMode
                  0x000af8                  _BMI160_getAccelFIFOEnabled
                  0x0006c8                  _BMI160_getAccelOffsetEnabled
                  0x000534                  _BMI160_getAccelRate
                  0x000fe2                  _BMI160_getAcceleration
                  0x00101e                  _BMI160_getAccelerationX
                  0x001044                  _BMI160_getAccelerationY
                  0x00106a                  _BMI160_getAccelerationZ
                  0x0004f4                  _BMI160_getDeviceID
                  0x0009ca                  _BMI160_getDoubleTapDetectionDuration
                  0x000b78                  _BMI160_getFIFOBytes
                  0x000b30                  _BMI160_getFIFOCount
                  0x000b5c                  _BMI160_getFIFOHeaderModeEnabled
                  0x00085c                  _BMI160_getFreefallDetectionDuration
                  0x00084e                  _BMI160_getFreefallDetectionThreshold
                  0x00058c                  _BMI160_getFullScaleAccelRange
                  0x000576                  _BMI160_getFullScaleGyroRange
                  0x00054a                  _BMI160_getGyroDLPFMode
                  0x000b14                  _BMI160_getGyroFIFOEnabled
                  0x0007aa                  _BMI160_getGyroOffsetEnabled
                  0x00051e                  _BMI160_getGyroRate
                  0x000adc                  _BMI160_getIntDataReadyEnabled
                  0x000d34                  _BMI160_getIntDataReadyStatus
                  0x000aa4                  _BMI160_getIntDoubleTapEnabled
                  0x000bc0                  _BMI160_getIntDoubleTapStatus
                  0x000d94                  _BMI160_getIntEnabled
                  0x000ac0                  _BMI160_getIntFIFOBufferFullEnabled
                  0x000d24                  _BMI160_getIntFIFOBufferFullStatus
                  0x0009e0                  _BMI160_getIntFreefallEnabled
                  0x000ba0                  _BMI160_getIntFreefallStatus
                  0x000a3a                  _BMI160_getIntMotionEnabled
                  0x000c44                  _BMI160_getIntMotionStatus
                  0x0009fc                  _BMI160_getIntShockEnabled
                  0x000bd0                  _BMI160_getIntShockStatus
                  0x000b88                  _BMI160_getIntStatus0
                  0x000b8e                  _BMI160_getIntStatus1
                  0x000b94                  _BMI160_getIntStatus2
                  0x000b9a                  _BMI160_getIntStatus3
                  0x000a1e                  _BMI160_getIntStepEnabled
                  0x000c34                  _BMI160_getIntStepStatus
                  0x000a88                  _BMI160_getIntTapEnabled
                  0x000bb0                  _BMI160_getIntTapStatus
                  0x000a5c                  _BMI160_getIntZeroMotionEnabled
                  0x000d14                  _BMI160_getIntZeroMotionStatus
                  0x000d62                  _BMI160_getInterruptDrive
                  0x000d7e                  _BMI160_getInterruptLatch
                  0x000d44                  _BMI160_getInterruptMode
                  0x000508                  _BMI160_getMagRate
                  0x00118a                  _BMI160_getMagneto
                  0x0011c6                  _BMI160_getMagnetoX
                  0x0011e2                  _BMI160_getMagnetoY
                  0x0011fe                  _BMI160_getMagnetoZ
                  0x000db0                  _BMI160_getMotion6
                  0x000eb0                  _BMI160_getMotion6Packet
                  0x000e14                  _BMI160_getMotion9
                  0x000f28                  _BMI160_getMotion9Packet
                  0x000940                  _BMI160_getMotionDetectionDuration
                  0x000932                  _BMI160_getMotionDetectionThreshold
                  0x00121a                  _BMI160_getRegister
                  0x0010ac                  _BMI160_getRotation
                  0x0010e8                  _BMI160_getRotationX
                  0x00111e                  _BMI160_getRotationY
                  0x001154                  _BMI160_getRotationZ
                  0x000878                  _BMI160_getShockDetectionDuration
                  0x00086a                  _BMI160_getShockDetectionThreshold
                  0x00090e                  _BMI160_getStepCount
                  0x0008f2                  _BMI160_getStepCountEnabled
                  0x000886                  _BMI160_getStepDetectionMode
                  0x00097c                  _BMI160_getTapDetectionThreshold
                  0x0009ae                  _BMI160_getTapQuietDuration
                  0x000992                  _BMI160_getTapShockDuration
                  0x001090                  _BMI160_getTemperature
                  0x000798                  _BMI160_getXAccelOffset
                  0x0007ee                  _BMI160_getXGyroOffset
                  0x000c54                  _BMI160_getXNegMotionDetected
                  0x000be0                  _BMI160_getXNegShockDetected
                  0x000ca8                  _BMI160_getXNegTapDetected
                  0x000c62                  _BMI160_getXPosMotionDetected
                  0x000bee                  _BMI160_getXPosShockDetected
                  0x000cba                  _BMI160_getXPosTapDetected
                  0x00079e                  _BMI160_getYAccelOffset
                  0x00080e                  _BMI160_getYGyroOffset
                  0x000c70                  _BMI160_getYNegMotionDetected
                  0x000bfc                  _BMI160_getYNegShockDetected
                  0x000ccc                  _BMI160_getYNegTapDetected
                  0x000c7e                  _BMI160_getYPosMotionDetected
                  0x000c0a                  _BMI160_getYPosShockDetected
                  0x000cde                  _BMI160_getYPosTapDetected
                  0x0007a4                  _BMI160_getZAccelOffset
                  0x00082e                  _BMI160_getZGyroOffset
                  0x000c8c                  _BMI160_getZNegMotionDetected
                  0x000c18                  _BMI160_getZNegShockDetected
                  0x000cf0                  _BMI160_getZNegTapDetected
                  0x000c9a                  _BMI160_getZPosMotionDetected
                  0x000c26                  _BMI160_getZPosShockDetected
                  0x000d02                  _BMI160_getZPosTapDetected
                  0x000966                  _BMI160_getZeroMotionDetectionDuration
                  0x000958                  _BMI160_getZeroMotionDetectionThreshold
                  0x0005a2                  _BMI160_init
                  0x000b4c                  _BMI160_resetFIFO
                  0x000b54                  _BMI160_resetInterrupt
                  0x00092a                  _BMI160_resetStepCount
                  0x00056a                  _BMI160_setAccelDLPFMode
                  0x000b08                  _BMI160_setAccelFIFOEnabled
                  0x0006d8                  _BMI160_setAccelOffsetEnabled
                  0x00053e                  _BMI160_setAccelRate
                  0x0009d4                  _BMI160_setDoubleTapDetectionDuration
                  0x000b6c                  _BMI160_setFIFOHeaderModeEnabled
                  0x000862                  _BMI160_setFreefallDetectionDuration
                  0x000854                  _BMI160_setFreefallDetectionThreshold
                  0x000596                  _BMI160_setFullScaleAccelRange
                  0x000580                  _BMI160_setFullScaleGyroRange
                  0x000554                  _BMI160_setGyroDLPFMode
                  0x000b24                  _BMI160_setGyroFIFOEnabled
                  0x0007ba                  _BMI160_setGyroOffsetEnabled
                  0x000528                  _BMI160_setGyroRate
                  0x000aec                  _BMI160_setIntDataReadyEnabled
                  0x000ab4                  _BMI160_setIntDoubleTapEnabled
                  0x000da4                  _BMI160_setIntEnabled
                  0x000ad0                  _BMI160_setIntFIFOBufferFullEnabled
                  0x0009f0                  _BMI160_setIntFreefallEnabled
                  0x000a4a                  _BMI160_setIntMotionEnabled
                  0x000a0c                  _BMI160_setIntShockEnabled
                  0x000a2e                  _BMI160_setIntStepEnabled
                  0x000a98                  _BMI160_setIntTapEnabled
                  0x000a6c                  _BMI160_setIntZeroMotionEnabled
                  0x000d72                  _BMI160_setInterruptDrive
                  0x000d88                  _BMI160_setInterruptLatch
                  0x000d54                  _BMI160_setInterruptMode
                  0x000512                  _BMI160_setMagRate
                  0x00094c                  _BMI160_setMotionDetectionDuration
                  0x000938                  _BMI160_setMotionDetectionThreshold
                  0x001292                  _BMI160_setOffsets
                  0x00121e                  _BMI160_setRegister
                  0x00087e                  _BMI160_setShockDetectionDuration
                  0x000870                  _BMI160_setShockDetectionThreshold
                  0x000902                  _BMI160_setStepCountEnabled
                  0x0008c6                  _BMI160_setStepDetectionMode
                  0x000986                  _BMI160_setTapDetectionThreshold
                  0x0009be                  _BMI160_setTapQuietDuration
                  0x0009a2                  _BMI160_setTapShockDuration
                  0x00103a                  _BMI160_setXAccelOffset
                  0x001104                  _BMI160_setXGyroOffset
                  0x001060                  _BMI160_setYAccelOffset
                  0x00113a                  _BMI160_setYGyroOffset
                  0x001086                  _BMI160_setZAccelOffset
                  0x001170                  _BMI160_setZGyroOffset
                  0x000970                  _BMI160_setZeroMotionDetectionDuration
                  0x00095e                  _BMI160_setZeroMotionDetectionThreshold
                  0x0004fa                  _BMI160_testConnection
                  0x00124e                  _BMX160_setAccelLowPower
                  0x001222                  _BMX160_writeNVM
                  0x001c88                  _FIFO_CONFIG
                  0x00214a                  _I2C1_ErrorCountGet
                  0x002126                  _I2C1_Initialize
                  0x0021e6                  _I2C1_MasterQueueIsEmpty
                  0x0021ec                  _I2C1_MasterQueueIsFull
                  0x00219a                  _I2C1_MasterRead
                  0x00218e                  _I2C1_MasterReadTRBBuild
                  0x00214e                  _I2C1_MasterTRBInsert
                  0x0021c4                  _I2C1_MasterWrite
                  0x0021bc                  _I2C1_MasterWriteTRBBuild
                  0x001f1c                  _MAX32664_getPacket
                  0x001d2c                  _MAX32664_testConnection
                  0x001d64                  _PPG_raw_data
                  0x001a26                  _ProcessIO
                  0x001388                  _ReadEEPROM
                  0x0022b4                  _SPI_init
                  0x002336                  _SPI_reg_read
                  0x002350                  _SPI_reg_write
                  0x0022c4                  _SPI_transaction
                  0x002380                  _Strain_getPacket
                  0x001398                  _WriteEEPROM
                  0x00048e                  __DefaultInterrupt
                  0xf80000                  __FBS.sec
                  0xf80004                  __FGS.sec
                  0x0002ec                  __MI2C1Interrupt
                  0x0002c8                  __U1RXInterrupt
                  0x0023f8                  ___delay32
                  0x000252                  __data_init
                  0x000252                  __data_init_standard
                  0x00023c                  __psv_init
                  0x000200                  __resetPRI
                  0x001c3e                  _accSend
                  0x00236a                  _adc_init
                  0x001cbc                  _application_mode
                  0x000494                  _base64Lookup
                  0x0016bc                  _clearFlag
                  0x001ffe                  _comms_init
                  0x0014a6                  _debugTX
                  0x001a1e                  _doContinuousRead
                  0x0016c2                  _doProtocolFSM
                  0x001366                  _docrc8
                  0x001548                  _getFlag
                  0x001d00                  _get_dev_mode
                  0x001330                  _isValidASCIIHEX
                  0x0013f0                  _loadSettingsFromEEPROM
                  0x0012c8                  _longWait
                  0x0023d4                  _main
                  0x001cf4                  _max32664_init
                  0x0012ea                  _nibbleToASCII
                  0x0014ea                  _queueEEPROM
                  0x001558                  _queue_sensor_as_ASCII_HEX
                  0x0015d2                  _queue_sensor_as_base_64
                  0x002002                  _reg_read
                  0x0020e8                  _reg_read_bits
                  0x002040                  _reg_write
                  0x0020ba                  _reg_write_bits
                  0x0014bc                  _reqFrame
                  0x00241e                  _sensor_get_packet_full
                  0x002422                  _sensor_get_packet_lite
                  0x002414                  _sensor_init
                  0x00241a                  _sensor_test_connection
                  0x002068                  _serial_buffer_transfer
                  0x0016b8                  _setFlag
                  0x001cd4                  _set_dev_mode
                  0x001426                  _setupPIC
                  0x0012b6                  _shortWait
                  0x001c54                  _system_shdn
                  0x001ee8                  _system_swon
                  0x0014ce                  _updateCRC

Memory Configuration

Name             Origin             Length             Attributes
data             0x000800           0x000600           a !xr
reset            0x000000           0x000004  
ivt              0x000004           0x0000fc  
_reserved        0x000100           0x000004  
aivt             0x000104           0x0000fc  
program          0x000200           0x002a00           xr
eedata           0x7ffe00           0x000200  
FBS              0xf80000           0x000002  
FGS              0xf80004           0x000002  
FOSCSEL          0xf80006           0x000002  
FOSC             0xf80008           0x000002  
FWDT             0xf8000a           0x000002  
FPOR             0xf8000c           0x000002  
FICD             0xf8000e           0x000002  
FDS              0xf80010           0x000002  
*default*        0x000000           0xffffffff  

Linker script and memory map

LOAD build/default/production/funcs.o
LOAD build/default/production/nodemain.o
LOAD build/default/production/bmi160bmm150.o
LOAD build/default/production/base64.o
LOAD build/default/production/sensor.o
LOAD build/default/production/ads1293.o
LOAD build/default/production/board_comms.o
LOAD build/default/production/I2Clib.o
LOAD build/default/production/SPIlib.o
LOAD build/default/production/strain_adc.o
LOAD build/default/production/max32664.o
                    0x0001                  __MPLAB_BUILD = 0x1
LOAD pPIC24Fxxx
LOAD c:/program files/microchip/xc16/v1.60/bin/bin/../../lib\libfx-elf.a
                    0xf80000                  __FBS = 0xf80000
                    0xf80004                  __FGS = 0xf80004
                    0xf80006                  __FOSCSEL = 0xf80006
                    0xf80008                  __FOSC = 0xf80008
                    0xf8000a                  __FWDT = 0xf8000a
                    0xf8000c                  __FPOR = 0xf8000c
                    0xf8000e                  __FICD = 0xf8000e
                    0xf80010                  __FDS = 0xf80010
                    0x0001                  __NO_HANDLES = 0x1
                    0x0200                  __CODE_BASE = 0x200
                    0x2a00                  __CODE_LENGTH = 0x2a00
                    0x0004                  __IVT_BASE = 0x4
                    0x0104                  __AIVT_BASE = 0x104
                    0x0800                  __DATA_BASE = 0x800
                    0x0600                  __DATA_LENGTH = 0x600

.reset            0x000000          0x4
                  0x000000          0x2 SHORT 0x200 ABSOLUTE (__reset)
                  0x000001          0x2 SHORT 0x4
                  0x000002          0x2 SHORT 0x0 ((ABSOLUTE (__reset) >> 0x10) & 0x7f)
                  0x000003          0x2 SHORT 0x0

.text             0x000200        0x294
 *(.init)
 .init            0x000200         0x4c c:/program files/microchip/xc16/v1.60/bin/bin/../../lib\liblega-pic30-elf.a(crt0_standard.o)
                  0x000200                  __resetPRI
                  0x000200                  __reset
                  0x00023c                  __psv_init
 .init            0x00024c         0x7c c:/program files/microchip/xc16/v1.60/bin/bin/../../lib\liblega-pic30-elf.a(data_init_standard.o)
                  0x000252                  __data_init_standard
                  0x000252                  __data_init
 *(.user_init)
 *(.handle)
 *(.isr*)
 .isr.text        0x0002c8         0x24 build/default/production/funcs.o
                  0x0002c8                  __U1RXInterrupt
 .isr.text        0x0002ec        0x1a2 build/default/production/I2Clib.o
                  0x0002ec                  __MI2C1Interrupt
 .isr             0x00048e          0x4 default_isr
                  0x00048e                  __DefaultInterrupt
 *(.libc)
 *(.libm)
 *(.libdsp)
 *(.lib*)
 .libpic30_crt_start_mode
                  0x000492          0x2 c:/program files/microchip/xc16/v1.60/bin/bin/../../lib\liblega-pic30-elf.a(crt_start_mode_normal.Leo)
                  0x000492                  __crt_start_mode
                  0x000492                  __crt_start_mode_normal

usercode
 *(usercode)

__FBS             0xf80000          0x2
 *(__FBS.sec*)
 __FBS.sec        0xf80000          0x2 /CW/_FBS@ץ
                  0xf80000                  __FBS.sec

__FGS             0xf80004          0x2
 *(__FGS.sec*)
 __FGS.sec        0xf80004          0x2 /CW/_FGSדפ
                  0xf80004                  __FGS.sec

__FOSCSEL
 *(__FOSCSEL.sec*)

__FOSC
 *(__FOSC.sec*)

__FWDT
 *(__FWDT.sec*)

__FPOR
 *(__FPOR.sec*)

__FICD
 *(__FICD.sec*)

__FDS
 *(__FDS.sec*)

.comment
 *(.comment)

.debug_info       0x000000       0x81c2
 *(.debug_info)
 .debug_info      0x000000       0x197a build/default/production/funcs.o
 .debug_info      0x00197a        0x250 build/default/production/nodemain.o
 .debug_info      0x001bca       0x2d1d build/default/production/bmi160bmm150.o
 .debug_info      0x0048e7        0x183 build/default/production/base64.o
 .debug_info      0x004a6a        0x4c6 build/default/production/sensor.o
 .debug_info      0x004f30        0x66d build/default/production/ads1293.o
 .debug_info      0x00559d        0x455 build/default/production/board_comms.o
 .debug_info      0x0059f2        0xf38 build/default/production/I2Clib.o
 .debug_info      0x00692a        0x617 build/default/production/SPIlib.o
 .debug_info      0x006f41        0x6a8 build/default/production/strain_adc.o
 .debug_info      0x0075e9        0xbd9 build/default/production/max32664.o
 *(.gnu.linkonce.wi.*)

.debug_abbrev     0x000000        0xf3d
 *(.debug_abbrev)
 .debug_abbrev    0x000000        0x28a build/default/production/funcs.o
 .debug_abbrev    0x00028a         0x61 build/default/production/nodemain.o
 .debug_abbrev    0x0002eb        0x1de build/default/production/bmi160bmm150.o
 .debug_abbrev    0x0004c9         0x56 build/default/production/base64.o
 .debug_abbrev    0x00051f         0xfc build/default/production/sensor.o
 .debug_abbrev    0x00061b        0x18d build/default/production/ads1293.o
 .debug_abbrev    0x0007a8        0x109 build/default/production/board_comms.o
 .debug_abbrev    0x0008b1        0x21f build/default/production/I2Clib.o
 .debug_abbrev    0x000ad0        0x119 build/default/production/SPIlib.o
 .debug_abbrev    0x000be9        0x156 build/default/production/strain_adc.o
 .debug_abbrev    0x000d3f        0x1fe build/default/production/max32664.o

.debug_line       0x000000       0x10ae
 *(.debug_line)
 .debug_line      0x000000        0x2f4 build/default/production/funcs.o
 .debug_line      0x0002f4         0x8c build/default/production/nodemain.o
 .debug_line      0x000380        0x402 build/default/production/bmi160bmm150.o
 .debug_line      0x000782         0x75 build/default/production/base64.o
 .debug_line      0x0007f7         0xa0 build/default/production/sensor.o
 .debug_line      0x000897        0x140 build/default/production/ads1293.o
 .debug_line      0x0009d7         0xd2 build/default/production/board_comms.o
 .debug_line      0x000aa9        0x1d6 build/default/production/I2Clib.o
 .debug_line      0x000c7f        0x138 build/default/production/SPIlib.o
 .debug_line      0x000db7        0x12f build/default/production/strain_adc.o
 .debug_line      0x000ee6        0x1c8 build/default/production/max32664.o

.debug_frame      0x000000       0x1216
 *(.debug_frame)
 .debug_frame     0x000000        0x238 build/default/production/funcs.o
 .debug_frame     0x000238         0x24 build/default/production/nodemain.o
 .debug_frame     0x00025c        0xb9e build/default/production/bmi160bmm150.o
 .debug_frame     0x000dfa         0x54 build/default/production/sensor.o
 .debug_frame     0x000e4e         0x5e build/default/production/ads1293.o
 .debug_frame     0x000eac         0xb6 build/default/production/board_comms.o
 .debug_frame     0x000f62        0x10c build/default/production/I2Clib.o
 .debug_frame     0x00106e         0x66 build/default/production/SPIlib.o
 .debug_frame     0x0010d4         0x34 build/default/production/strain_adc.o
 .debug_frame     0x001108        0x10e build/default/production/max32664.o

.debug_str        0x000000        0x2eb
 *(.debug_str)
 .debug_str       0x000000        0x112 build/default/production/funcs.o
 .debug_str       0x000112         0x54 build/default/production/bmi160bmm150.o
 .debug_str       0x000166          0x9 build/default/production/sensor.o
 .debug_str       0x00016f         0x27 build/default/production/ads1293.o
 .debug_str       0x000196         0x1b build/default/production/board_comms.o
 .debug_str       0x0001b1         0x53 build/default/production/I2Clib.o
 .debug_str       0x000204         0x31 build/default/production/SPIlib.o
 .debug_str       0x000235         0x27 build/default/production/strain_adc.o
 .debug_str       0x00025c         0x8f build/default/production/max32664.o

.debug_loc
 *(.debug_loc)

.debug_macinfo
 *(.debug_macinfo)

.debug_pubnames
                  0x000000       0x19d0
 *(.debug_pubnames)
 .debug_pubnames
                  0x000000        0x303 build/default/production/funcs.o
 .debug_pubnames
                  0x000303         0x25 build/default/production/nodemain.o
 .debug_pubnames
                  0x000328       0x129f build/default/production/bmi160bmm150.o
 .debug_pubnames
                  0x0015c7         0x23 build/default/production/base64.o
 .debug_pubnames
                  0x0015ea         0x73 build/default/production/sensor.o
 .debug_pubnames
                  0x00165d         0x7f build/default/production/ads1293.o
 .debug_pubnames
                  0x0016dc         0x7c build/default/production/board_comms.o
 .debug_pubnames
                  0x001758        0x103 build/default/production/I2Clib.o
 .debug_pubnames
                  0x00185b         0x56 build/default/production/SPIlib.o
 .debug_pubnames
                  0x0018b1         0x34 build/default/production/strain_adc.o
 .debug_pubnames
                  0x0018e5         0xeb build/default/production/max32664.o

.debug_ranges
 *(.debug_ranges)

.debug_aranges    0x000000         0xf0
 *(.debug_aranges)
 .debug_aranges
                  0x000000         0x18 build/default/production/funcs.o
 .debug_aranges
                  0x000018         0x18 build/default/production/nodemain.o
 .debug_aranges
                  0x000030         0x18 build/default/production/bmi160bmm150.o
 .debug_aranges
                  0x000048         0x18 build/default/production/sensor.o
 .debug_aranges
                  0x000060         0x18 build/default/production/ads1293.o
 .debug_aranges
                  0x000078         0x18 build/default/production/board_comms.o
 .debug_aranges
                  0x000090         0x18 build/default/production/I2Clib.o
 .debug_aranges
                  0x0000a8         0x18 build/default/production/SPIlib.o
 .debug_aranges
                  0x0000c0         0x18 build/default/production/strain_adc.o
 .debug_aranges
                  0x0000d8         0x18 build/default/production/max32664.o
                    0x0000                  WREG0 = 0x0
                    0x0000                  _WREG0 = 0x0
                    0x0002                  WREG1 = 0x2
                    0x0002                  _WREG1 = 0x2
                    0x0004                  WREG2 = 0x4
                    0x0004                  _WREG2 = 0x4
                    0x0006                  WREG3 = 0x6
                    0x0006                  _WREG3 = 0x6
                    0x0008                  WREG4 = 0x8
                    0x0008                  _WREG4 = 0x8
                    0x000a                  WREG5 = 0xa
                    0x000a                  _WREG5 = 0xa
                    0x000c                  WREG6 = 0xc
                    0x000c                  _WREG6 = 0xc
                    0x000e                  WREG7 = 0xe
                    0x000e                  _WREG7 = 0xe
                    0x0010                  WREG8 = 0x10
                    0x0010                  _WREG8 = 0x10
                    0x0012                  WREG9 = 0x12
                    0x0012                  _WREG9 = 0x12
                    0x0014                  WREG10 = 0x14
                    0x0014                  _WREG10 = 0x14
                    0x0016                  WREG11 = 0x16
                    0x0016                  _WREG11 = 0x16
                    0x0018                  WREG12 = 0x18
                    0x0018                  _WREG12 = 0x18
                    0x001a                  WREG13 = 0x1a
                    0x001a                  _WREG13 = 0x1a
                    0x001c                  WREG14 = 0x1c
                    0x001c                  _WREG14 = 0x1c
                    0x001e                  WREG15 = 0x1e
                    0x001e                  _WREG15 = 0x1e
                    0x0020                  SPLIM = 0x20
                    0x0020                  _SPLIM = 0x20
                    0x002e                  PCL = 0x2e
                    0x002e                  _PCL = 0x2e
                    0x0030                  PCH = 0x30
                    0x0030                  _PCH = 0x30
                    0x0032                  TBLPAG = 0x32
                    0x0032                  _TBLPAG = 0x32
                    0x0034                  PSVPAG = 0x34
                    0x0034                  _PSVPAG = 0x34
                    0x0036                  RCOUNT = 0x36
                    0x0036                  _RCOUNT = 0x36
                    0x0042                  SR = 0x42
                    0x0042                  _SR = 0x42
                    0x0042                  _SRbits = 0x42
                    0x0044                  CORCON = 0x44
                    0x0044                  _CORCON = 0x44
                    0x0044                  _CORCONbits = 0x44
                    0x0052                  DISICNT = 0x52
                    0x0052                  _DISICNT = 0x52
                    0x0060                  CNEN1 = 0x60
                    0x0060                  _CNEN1 = 0x60
                    0x0060                  _CNEN1bits = 0x60
                    0x0062                  CNEN2 = 0x62
                    0x0062                  _CNEN2 = 0x62
                    0x0062                  _CNEN2bits = 0x62
                    0x0068                  CNPU1 = 0x68
                    0x0068                  _CNPU1 = 0x68
                    0x0068                  _CNPU1bits = 0x68
                    0x006a                  CNPU2 = 0x6a
                    0x006a                  _CNPU2 = 0x6a
                    0x006a                  _CNPU2bits = 0x6a
                    0x0070                  CNPD1 = 0x70
                    0x0070                  _CNPD1 = 0x70
                    0x0070                  _CNPD1bits = 0x70
                    0x0072                  CNPD2 = 0x72
                    0x0072                  _CNPD2 = 0x72
                    0x0072                  _CNPD2bits = 0x72
                    0x0080                  INTCON1 = 0x80
                    0x0080                  _INTCON1 = 0x80
                    0x0080                  _INTCON1bits = 0x80
                    0x0082                  INTCON2 = 0x82
                    0x0082                  _INTCON2 = 0x82
                    0x0082                  _INTCON2bits = 0x82
                    0x0084                  IFS0 = 0x84
                    0x0084                  _IFS0 = 0x84
                    0x0084                  _IFS0bits = 0x84
                    0x0086                  IFS1 = 0x86
                    0x0086                  _IFS1 = 0x86
                    0x0086                  _IFS1bits = 0x86
                    0x008a                  IFS3 = 0x8a
                    0x008a                  _IFS3 = 0x8a
                    0x008a                  _IFS3bits = 0x8a
                    0x008c                  IFS4 = 0x8c
                    0x008c                  _IFS4 = 0x8c
                    0x008c                  _IFS4bits = 0x8c
                    0x0094                  IEC0 = 0x94
                    0x0094                  _IEC0 = 0x94
                    0x0094                  _IEC0bits = 0x94
                    0x0096                  IEC1 = 0x96
                    0x0096                  _IEC1 = 0x96
                    0x0096                  _IEC1bits = 0x96
                    0x009a                  IEC3 = 0x9a
                    0x009a                  _IEC3 = 0x9a
                    0x009a                  _IEC3bits = 0x9a
                    0x009c                  IEC4 = 0x9c
                    0x009c                  _IEC4 = 0x9c
                    0x009c                  _IEC4bits = 0x9c
                    0x00a4                  IPC0 = 0xa4
                    0x00a4                  _IPC0 = 0xa4
                    0x00a4                  _IPC0bits = 0xa4
                    0x00a6                  IPC1 = 0xa6
                    0x00a6                  _IPC1 = 0xa6
                    0x00a6                  _IPC1bits = 0xa6
                    0x00a8                  IPC2 = 0xa8
                    0x00a8                  _IPC2 = 0xa8
                    0x00a8                  _IPC2bits = 0xa8
                    0x00aa                  IPC3 = 0xaa
                    0x00aa                  _IPC3 = 0xaa
                    0x00aa                  _IPC3bits = 0xaa
                    0x00ac                  IPC4 = 0xac
                    0x00ac                  _IPC4 = 0xac
                    0x00ac                  _IPC4bits = 0xac
                    0x00ae                  IPC5 = 0xae
                    0x00ae                  _IPC5 = 0xae
                    0x00ae                  _IPC5bits = 0xae
                    0x00b2                  IPC7 = 0xb2
                    0x00b2                  _IPC7 = 0xb2
                    0x00b2                  _IPC7bits = 0xb2
                    0x00c2                  IPC15 = 0xc2
                    0x00c2                  _IPC15 = 0xc2
                    0x00c2                  _IPC15bits = 0xc2
                    0x00c4                  IPC16 = 0xc4
                    0x00c4                  _IPC16 = 0xc4
                    0x00c4                  _IPC16bits = 0xc4
                    0x00c8                  IPC18 = 0xc8
                    0x00c8                  _IPC18 = 0xc8
                    0x00c8                  _IPC18bits = 0xc8
                    0x00ca                  IPC19 = 0xca
                    0x00ca                  _IPC19 = 0xca
                    0x00ca                  _IPC19bits = 0xca
                    0x00e0                  INTTREG = 0xe0
                    0x00e0                  _INTTREG = 0xe0
                    0x00e0                  _INTTREGbits = 0xe0
                    0x0100                  TMR1 = 0x100
                    0x0100                  _TMR1 = 0x100
                    0x0102                  PR1 = 0x102
                    0x0102                  _PR1 = 0x102
                    0x0104                  T1CON = 0x104
                    0x0104                  _T1CON = 0x104
                    0x0104                  _T1CONbits = 0x104
                    0x0106                  TMR2 = 0x106
                    0x0106                  _TMR2 = 0x106
                    0x0108                  TMR3HLD = 0x108
                    0x0108                  _TMR3HLD = 0x108
                    0x010a                  TMR3 = 0x10a
                    0x010a                  _TMR3 = 0x10a
                    0x010c                  PR2 = 0x10c
                    0x010c                  _PR2 = 0x10c
                    0x010e                  PR3 = 0x10e
                    0x010e                  _PR3 = 0x10e
                    0x0110                  T2CON = 0x110
                    0x0110                  _T2CON = 0x110
                    0x0110                  _T2CONbits = 0x110
                    0x0112                  T3CON = 0x112
                    0x0112                  _T3CON = 0x112
                    0x0112                  _T3CONbits = 0x112
                    0x0140                  IC1BUF = 0x140
                    0x0140                  _IC1BUF = 0x140
                    0x0142                  IC1CON = 0x142
                    0x0142                  _IC1CON = 0x142
                    0x0142                  _IC1CONbits = 0x142
                    0x0180                  OC1RS = 0x180
                    0x0180                  _OC1RS = 0x180
                    0x0182                  OC1R = 0x182
                    0x0182                  _OC1R = 0x182
                    0x0184                  OC1CON = 0x184
                    0x0184                  _OC1CON = 0x184
                    0x0184                  _OC1CONbits = 0x184
                    0x0200                  I2C1RCV = 0x200
                    0x0200                  _I2C1RCV = 0x200
                    0x0202                  I2C1TRN = 0x202
                    0x0202                  _I2C1TRN = 0x202
                    0x0204                  I2C1BRG = 0x204
                    0x0204                  _I2C1BRG = 0x204
                    0x0206                  I2C1CON = 0x206
                    0x0206                  _I2C1CON = 0x206
                    0x0206                  _I2C1CONbits = 0x206
                    0x0208                  I2C1STAT = 0x208
                    0x0208                  _I2C1STAT = 0x208
                    0x0208                  _I2C1STATbits = 0x208
                    0x020a                  I2C1ADD = 0x20a
                    0x020a                  _I2C1ADD = 0x20a
                    0x020c                  I2C1MSK = 0x20c
                    0x020c                  _I2C1MSK = 0x20c
                    0x020c                  _I2C1MSKbits = 0x20c
                    0x0220                  U1MODE = 0x220
                    0x0220                  _U1MODE = 0x220
                    0x0220                  _U1MODEbits = 0x220
                    0x0222                  U1STA = 0x222
                    0x0222                  _U1STA = 0x222
                    0x0222                  _U1STAbits = 0x222
                    0x0224                  U1TXREG = 0x224
                    0x0224                  _U1TXREG = 0x224
                    0x0226                  U1RXREG = 0x226
                    0x0226                  _U1RXREG = 0x226
                    0x0228                  U1BRG = 0x228
                    0x0228                  _U1BRG = 0x228
                    0x0230                  U2MODE = 0x230
                    0x0230                  _U2MODE = 0x230
                    0x0230                  _U2MODEbits = 0x230
                    0x0232                  U2STA = 0x232
                    0x0232                  _U2STA = 0x232
                    0x0232                  _U2STAbits = 0x232
                    0x0234                  U2TXREG = 0x234
                    0x0234                  _U2TXREG = 0x234
                    0x0236                  U2RXREG = 0x236
                    0x0236                  _U2RXREG = 0x236
                    0x0238                  U2BRG = 0x238
                    0x0238                  _U2BRG = 0x238
                    0x0240                  SPI1STAT = 0x240
                    0x0240                  _SPI1STAT = 0x240
                    0x0240                  _SPI1STATbits = 0x240
                    0x0242                  SPI1CON1 = 0x242
                    0x0242                  _SPI1CON1 = 0x242
                    0x0242                  _SPI1CON1bits = 0x242
                    0x0244                  SPI1CON2 = 0x244
                    0x0244                  _SPI1CON2 = 0x244
                    0x0244                  _SPI1CON2bits = 0x244
                    0x0248                  SPI1BUF = 0x248
                    0x0248                  _SPI1BUF = 0x248
                    0x02c0                  TRISA = 0x2c0
                    0x02c0                  _TRISA = 0x2c0
                    0x02c0                  _TRISAbits = 0x2c0
                    0x02c2                  PORTA = 0x2c2
                    0x02c2                  _PORTA = 0x2c2
                    0x02c2                  _PORTAbits = 0x2c2
                    0x02c4                  LATA = 0x2c4
                    0x02c4                  _LATA = 0x2c4
                    0x02c4                  _LATAbits = 0x2c4
                    0x02c6                  ODCA = 0x2c6
                    0x02c6                  _ODCA = 0x2c6
                    0x02c6                  _ODCAbits = 0x2c6
                    0x02c8                  TRISB = 0x2c8
                    0x02c8                  _TRISB = 0x2c8
                    0x02c8                  _TRISBbits = 0x2c8
                    0x02ca                  PORTB = 0x2ca
                    0x02ca                  _PORTB = 0x2ca
                    0x02ca                  _PORTBbits = 0x2ca
                    0x02cc                  LATB = 0x2cc
                    0x02cc                  _LATB = 0x2cc
                    0x02cc                  _LATBbits = 0x2cc
                    0x02ce                  ODCB = 0x2ce
                    0x02ce                  _ODCB = 0x2ce
                    0x02ce                  _ODCBbits = 0x2ce
                    0x02fc                  PADCFG1 = 0x2fc
                    0x02fc                  _PADCFG1 = 0x2fc
                    0x02fc                  _PADCFG1bits = 0x2fc
                    0x0300                  ADC1BUF0 = 0x300
                    0x0300                  _ADC1BUF0 = 0x300
                    0x0302                  ADC1BUF1 = 0x302
                    0x0302                  _ADC1BUF1 = 0x302
                    0x0304                  ADC1BUF2 = 0x304
                    0x0304                  _ADC1BUF2 = 0x304
                    0x0306                  ADC1BUF3 = 0x306
                    0x0306                  _ADC1BUF3 = 0x306
                    0x0308                  ADC1BUF4 = 0x308
                    0x0308                  _ADC1BUF4 = 0x308
                    0x030a                  ADC1BUF5 = 0x30a
                    0x030a                  _ADC1BUF5 = 0x30a
                    0x030c                  ADC1BUF6 = 0x30c
                    0x030c                  _ADC1BUF6 = 0x30c
                    0x030e                  ADC1BUF7 = 0x30e
                    0x030e                  _ADC1BUF7 = 0x30e
                    0x0310                  ADC1BUF8 = 0x310
                    0x0310                  _ADC1BUF8 = 0x310
                    0x0312                  ADC1BUF9 = 0x312
                    0x0312                  _ADC1BUF9 = 0x312
                    0x0314                  ADC1BUFA = 0x314
                    0x0314                  _ADC1BUFA = 0x314
                    0x0316                  ADC1BUFB = 0x316
                    0x0316                  _ADC1BUFB = 0x316
                    0x0318                  ADC1BUFC = 0x318
                    0x0318                  _ADC1BUFC = 0x318
                    0x031a                  ADC1BUFD = 0x31a
                    0x031a                  _ADC1BUFD = 0x31a
                    0x031c                  ADC1BUFE = 0x31c
                    0x031c                  _ADC1BUFE = 0x31c
                    0x031e                  ADC1BUFF = 0x31e
                    0x031e                  _ADC1BUFF = 0x31e
                    0x0320                  AD1CON1 = 0x320
                    0x0320                  _AD1CON1 = 0x320
                    0x0320                  _AD1CON1bits = 0x320
                    0x0322                  AD1CON2 = 0x322
                    0x0322                  _AD1CON2 = 0x322
                    0x0322                  _AD1CON2bits = 0x322
                    0x0324                  AD1CON3 = 0x324
                    0x0324                  _AD1CON3 = 0x324
                    0x0324                  _AD1CON3bits = 0x324
                    0x0328                  AD1CHS = 0x328
                    0x0328                  _AD1CHS = 0x328
                    0x0328                  _AD1CHSbits = 0x328
                    0x032c                  AD1PCFG = 0x32c
                    0x032c                  _AD1PCFG = 0x32c
                    0x032c                  _AD1PCFGbits = 0x32c
                    0x0330                  AD1CSSL = 0x330
                    0x0330                  _AD1CSSL = 0x330
                    0x0330                  _AD1CSSLbits = 0x330
                    0x033c                  CTMUCON = 0x33c
                    0x033c                  _CTMUCON = 0x33c
                    0x033c                  _CTMUCONbits = 0x33c
                    0x033e                  CTMUICON = 0x33e
                    0x033e                  _CTMUICON = 0x33e
                    0x033e                  _CTMUICONbits = 0x33e
                    0x0620                  ALRMVAL = 0x620
                    0x0620                  _ALRMVAL = 0x620
                    0x0622                  ALCFGRPT = 0x622
                    0x0622                  _ALCFGRPT = 0x622
                    0x0622                  _ALCFGRPTbits = 0x622
                    0x0624                  RTCVAL = 0x624
                    0x0624                  _RTCVAL = 0x624
                    0x0626                  RCFGCAL = 0x626
                    0x0626                  _RCFGCAL = 0x626
                    0x0626                  _RCFGCALbits = 0x626
                    0x0630                  CMSTAT = 0x630
                    0x0630                  _CMSTAT = 0x630
                    0x0630                  _CMSTATbits = 0x630
                    0x0632                  CVRCON = 0x632
                    0x0632                  _CVRCON = 0x632
                    0x0632                  _CVRCONbits = 0x632
                    0x0634                  CM1CON = 0x634
                    0x0634                  _CM1CON = 0x634
                    0x0634                  _CM1CONbits = 0x634
                    0x0636                  CM2CON = 0x636
                    0x0636                  _CM2CON = 0x636
                    0x0636                  _CM2CONbits = 0x636
                    0x0640                  CRCCON = 0x640
                    0x0640                  _CRCCON = 0x640
                    0x0640                  _CRCCONbits = 0x640
                    0x0642                  CRCXOR = 0x642
                    0x0642                  _CRCXOR = 0x642
                    0x0644                  CRCDAT = 0x644
                    0x0644                  _CRCDAT = 0x644
                    0x0646                  CRCWDAT = 0x646
                    0x0646                  _CRCWDAT = 0x646
                    0x0740                  RCON = 0x740
                    0x0740                  _RCON = 0x740
                    0x0740                  _RCONbits = 0x740
                    0x0742                  OSCCON = 0x742
                    0x0742                  _OSCCON = 0x742
                    0x0742                  _OSCCONbits = 0x742
                    0x0742                  OSCCONL = 0x742
                    0x0742                  _OSCCONL = 0x742
                    0x0743                  OSCCONH = 0x743
                    0x0743                  _OSCCONH = 0x743
                    0x0744                  CLKDIV = 0x744
                    0x0744                  _CLKDIV = 0x744
                    0x0744                  _CLKDIVbits = 0x744
                    0x0748                  OSCTUN = 0x748
                    0x0748                  _OSCTUN = 0x748
                    0x0748                  _OSCTUNbits = 0x748
                    0x074e                  REFOCON = 0x74e
                    0x074e                  _REFOCON = 0x74e
                    0x074e                  _REFOCONbits = 0x74e
                    0x0756                  HLVDCON = 0x756
                    0x0756                  _HLVDCON = 0x756
                    0x0756                  _HLVDCONbits = 0x756
                    0x0758                  DSCON = 0x758
                    0x0758                  _DSCON = 0x758
                    0x0758                  _DSCONbits = 0x758
                    0x075a                  DSWAKE = 0x75a
                    0x075a                  _DSWAKE = 0x75a
                    0x075a                  _DSWAKEbits = 0x75a
                    0x075a                  DSWSRC = 0x75a
                    0x075a                  _DSWSRC = 0x75a
                    0x075a                  _DSWSRCbits = 0x75a
                    0x075c                  DSGPR0 = 0x75c
                    0x075c                  _DSGPR0 = 0x75c
                    0x075e                  DSGPR1 = 0x75e
                    0x075e                  _DSGPR1 = 0x75e
                    0x0760                  NVMCON = 0x760
                    0x0760                  _NVMCON = 0x760
                    0x0760                  _NVMCONbits = 0x760
                    0x0766                  NVMKEY = 0x766
                    0x0766                  _NVMKEY = 0x766
                    0x0766                  _NVMKEYbits = 0x766
                    0x0770                  PMD1 = 0x770
                    0x0770                  _PMD1 = 0x770
                    0x0770                  _PMD1bits = 0x770
                    0x0772                  PMD2 = 0x772
                    0x0772                  _PMD2 = 0x772
                    0x0772                  _PMD2bits = 0x772
                    0x0774                  PMD3 = 0x774
                    0x0774                  _PMD3 = 0x774
                    0x0774                  _PMD3bits = 0x774
                    0x0776                  PMD4 = 0x776
                    0x0776                  _PMD4 = 0x776
                    0x0776                  _PMD4bits = 0x776
                    0x0140                  IC1 = 0x140
                    0x0140                  _IC1 = 0x140
                    0x0180                  OC1 = 0x180
                    0x0180                  _OC1 = 0x180
                    0x0240                  SPI1 = 0x240
                    0x0240                  _SPI1 = 0x240
                    0x0220                  UART1 = 0x220
                    0x0220                  _UART1 = 0x220
                    0x0230                  UART2 = 0x230
                    0x0230                  _UART2 = 0x230
START GROUP
LOAD c:/program files/microchip/xc16/v1.60/bin/bin/../../lib\liblega-pic30-elf.a
LOAD c:/program files/microchip/xc16/v1.60/bin/bin/../../lib\libm-elf.a
LOAD c:/program files/microchip/xc16/v1.60/bin/bin/../../lib\liblega-c-elf.a
END GROUP
OUTPUT(dist/default/production/sWear_9DOF.production.elf elf32-pic30)
LOAD /CW/_FGSדפ
LOAD /CW/_FBS@ץ
LOAD default_isr
LOAD data_init

.debug_pubtypes
                  0x0000f0        0x690
 .debug_pubtypes
                  0x0000f0        0x171 build/default/production/funcs.o
 .debug_pubtypes
                  0x000261         0x1f build/default/production/nodemain.o
 .debug_pubtypes
                  0x000280         0x9d build/default/production/bmi160bmm150.o
 .debug_pubtypes
                  0x00031d         0x1e build/default/production/base64.o
 .debug_pubtypes
                  0x00033b         0x68 build/default/production/sensor.o
 .debug_pubtypes
                  0x0003a3         0x8b build/default/production/ads1293.o
 .debug_pubtypes
                  0x00042e         0x36 build/default/production/board_comms.o
 .debug_pubtypes
                  0x000464        0x13c build/default/production/I2Clib.o
 .debug_pubtypes
                  0x0005a0         0x6d build/default/production/SPIlib.o
 .debug_pubtypes
                  0x00060d         0x8e build/default/production/strain_adc.o
 .debug_pubtypes
                  0x00069b         0xe5 build/default/production/max32664.o

__c30_signature
                  0x000780         0x54
 __c30_signature
                  0x000780          0x6 build/default/production/funcs.o
 __c30_signature
                  0x000786          0x6 build/default/production/nodemain.o
 __c30_signature
                  0x00078c          0x6 build/default/production/bmi160bmm150.o
 __c30_signature
                  0x000792          0x6 build/default/production/base64.o
 __c30_signature
                  0x000798          0x6 build/default/production/sensor.o
 __c30_signature
                  0x00079e          0x6 build/default/production/ads1293.o
 __c30_signature
                  0x0007a4          0x6 build/default/production/board_comms.o
 __c30_signature
                  0x0007aa          0x6 build/default/production/I2Clib.o
 __c30_signature
                  0x0007b0          0x6 build/default/production/SPIlib.o
 __c30_signature
                  0x0007b6          0x6 build/default/production/strain_adc.o
 __c30_signature
                  0x0007bc          0x6 build/default/production/max32664.o
 __c30_signature
                  0x0007c2          0x6 c:/program files/microchip/xc16/v1.60/bin/bin/../../lib\liblega-pic30-elf.a(crt0_standard.o)
 __c30_signature
                  0x0007c8          0x6 c:/program files/microchip/xc16/v1.60/bin/bin/../../lib\liblega-pic30-elf.a(data_init_standard.o)
 __c30_signature
                  0x0007ce          0x6 c:/program files/microchip/xc16/v1.60/bin/bin/../../lib\liblega-pic30-elf.a(delay32.Leo)

.nbss               0x0800        0x190
 .nbss              0x0800        0x15e build/default/production/funcs.o
                    0x0800                  _samplingTimer
                    0x0801                  _rxByteCount
                    0x0802                  _shouldUpdate
                    0x0804                  _candidateUID
                    0x0806                  _doPacing
                    0x0808                  _boardSettings
                    0x0826                  _FIFO
                    0x08a6                  _fifoHead
                    0x08a7                  _fifoTail
                    0x08a8                  _rxFIFO
                    0x08e8                  _rxHead
                    0x08e9                  _rxTail
                    0x08ea                  _protocolFSM
                    0x08ec                  _bSendData
                    0x08ee                  _crc8
                    0x08ef                  _accNew
                    0x08f0                  _currentReadings
                    0x0908                  _currentReadingsLite
                    0x0920                  _deferredFullDump
                    0x0921                  _protocolParameters
                    0x095d                  _protocolParamCount
 .nbss              0x095e         0x28 build/default/production/I2Clib.o
 .nbss              0x0986          0xa build/default/production/ads1293.o
                    0x0986                  _ecg_buffer

.ndata              0x0990          0x6
 .ndata             0x0990          0x4 build/default/production/max32664.o
                    0x0990                  _I2C_Wflag
                    0x0992                  _I2C_Rflag
 .ndata             0x0994          0x2 build/default/production/funcs.o
                    0x0994                  _rxWaiting

.nbss               0x0996          0x2
 .nbss              0x0996          0x2 build/default/production/nodemain.o
                    0x0996                  _ticks

.config_DSWDTEN
                  0xf80010          0x2
 .config_DSWDTEN
                  0xf80010          0x2 build/default/production/funcs.o

.config_BKBUG     0xf8000e          0x2
 .config_BKBUG    0xf8000e          0x2 build/default/production/funcs.o

.config_MCLRE     0xf8000c          0x2
 .config_MCLRE    0xf8000c          0x2 build/default/production/funcs.o

.config_FWDTEN    0xf8000a          0x2
 .config_FWDTEN
                  0xf8000a          0x2 build/default/production/funcs.o

.config_FCKSM     0xf80008          0x2
 .config_FCKSM    0xf80008          0x2 build/default/production/funcs.o

.config_IESO      0xf80006          0x2
 .config_IESO     0xf80006          0x2 build/default/production/funcs.o

.ivt._U1RXInterrupt
                  0x00002a          0x2
 .ivt._U1RXInterrupt
                  0x00002a          0x2 build/default/production/funcs.o

.ivt._MI2C1Interrupt
                  0x000036          0x2
 .ivt._MI2C1Interrupt
                  0x000036          0x2 build/default/production/I2Clib.o

.const              0x8494         0x60 load address 0x000494  
 .const             0x8494         0x40 build/default/production/base64.o
                    0x8494                  _base64Lookup
 .const             0x84d4         0x20 build/default/production/max32664.o

.text             0x0004f4       0x1eb4
 .text            0x0004f4        0xdc2 build/default/production/bmi160bmm150.o
                  0x0004f4                  _BMI160_getDeviceID
                  0x0004fa                  _BMI160_testConnection
                  0x000508                  _BMI160_getMagRate
                  0x000512                  _BMI160_setMagRate
                  0x00051e                  _BMI160_getGyroRate
                  0x000528                  _BMI160_setGyroRate
                  0x000534                  _BMI160_getAccelRate
                  0x00053e                  _BMI160_setAccelRate
                  0x00054a                  _BMI160_getGyroDLPFMode
                  0x000554                  _BMI160_setGyroDLPFMode
                  0x000560                  _BMI160_getAccelDLPFMode
                  0x00056a                  _BMI160_setAccelDLPFMode
                  0x000576                  _BMI160_getFullScaleGyroRange
                  0x000580                  _BMI160_setFullScaleGyroRange
                  0x00058c                  _BMI160_getFullScaleAccelRange
                  0x000596                  _BMI160_setFullScaleAccelRange
                  0x0005a2                  _BMI160_init
                  0x0006c8                  _BMI160_getAccelOffsetEnabled
                  0x0006d8                  _BMI160_setAccelOffsetEnabled
                  0x0006e4                  _BMI160_autoCalibrateXAccelOffset
                  0x000720                  _BMI160_autoCalibrateYAccelOffset
                  0x00075c                  _BMI160_autoCalibrateZAccelOffset
                  0x000798                  _BMI160_getXAccelOffset
                  0x00079e                  _BMI160_getYAccelOffset
                  0x0007a4                  _BMI160_getZAccelOffset
                  0x0007aa                  _BMI160_getGyroOffsetEnabled
                  0x0007ba                  _BMI160_setGyroOffsetEnabled
                  0x0007c6                  _BMI160_autoCalibrateGyroOffset
                  0x0007ee                  _BMI160_getXGyroOffset
                  0x00080e                  _BMI160_getYGyroOffset
                  0x00082e                  _BMI160_getZGyroOffset
                  0x00084e                  _BMI160_getFreefallDetectionThreshold
                  0x000854                  _BMI160_setFreefallDetectionThreshold
                  0x00085c                  _BMI160_getFreefallDetectionDuration
                  0x000862                  _BMI160_setFreefallDetectionDuration
                  0x00086a                  _BMI160_getShockDetectionThreshold
                  0x000870                  _BMI160_setShockDetectionThreshold
                  0x000878                  _BMI160_getShockDetectionDuration
                  0x00087e                  _BMI160_setShockDetectionDuration
                  0x000886                  _BMI160_getStepDetectionMode
                  0x0008c6                  _BMI160_setStepDetectionMode
                  0x0008f2                  _BMI160_getStepCountEnabled
                  0x000902                  _BMI160_setStepCountEnabled
                  0x00090e                  _BMI160_getStepCount
                  0x00092a                  _BMI160_resetStepCount
                  0x000932                  _BMI160_getMotionDetectionThreshold
                  0x000938                  _BMI160_setMotionDetectionThreshold
                  0x000940                  _BMI160_getMotionDetectionDuration
                  0x00094c                  _BMI160_setMotionDetectionDuration
                  0x000958                  _BMI160_getZeroMotionDetectionThreshold
                  0x00095e                  _BMI160_setZeroMotionDetectionThreshold
                  0x000966                  _BMI160_getZeroMotionDetectionDuration
                  0x000970                  _BMI160_setZeroMotionDetectionDuration
                  0x00097c                  _BMI160_getTapDetectionThreshold
                  0x000986                  _BMI160_setTapDetectionThreshold
                  0x000992                  _BMI160_getTapShockDuration
                  0x0009a2                  _BMI160_setTapShockDuration
                  0x0009ae                  _BMI160_getTapQuietDuration
                  0x0009be                  _BMI160_setTapQuietDuration
                  0x0009ca                  _BMI160_getDoubleTapDetectionDuration
                  0x0009d4                  _BMI160_setDoubleTapDetectionDuration
                  0x0009e0                  _BMI160_getIntFreefallEnabled
                  0x0009f0                  _BMI160_setIntFreefallEnabled
                  0x0009fc                  _BMI160_getIntShockEnabled
                  0x000a0c                  _BMI160_setIntShockEnabled
                  0x000a1e                  _BMI160_getIntStepEnabled
                  0x000a2e                  _BMI160_setIntStepEnabled
                  0x000a3a                  _BMI160_getIntMotionEnabled
                  0x000a4a                  _BMI160_setIntMotionEnabled
                  0x000a5c                  _BMI160_getIntZeroMotionEnabled
                  0x000a6c                  _BMI160_setIntZeroMotionEnabled
                  0x000a88                  _BMI160_getIntTapEnabled
                  0x000a98                  _BMI160_setIntTapEnabled
                  0x000aa4                  _BMI160_getIntDoubleTapEnabled
                  0x000ab4                  _BMI160_setIntDoubleTapEnabled
                  0x000ac0                  _BMI160_getIntFIFOBufferFullEnabled
                  0x000ad0                  _BMI160_setIntFIFOBufferFullEnabled
                  0x000adc                  _BMI160_getIntDataReadyEnabled
                  0x000aec                  _BMI160_setIntDataReadyEnabled
                  0x000af8                  _BMI160_getAccelFIFOEnabled
                  0x000b08                  _BMI160_setAccelFIFOEnabled
                  0x000b14                  _BMI160_getGyroFIFOEnabled
                  0x000b24                  _BMI160_setGyroFIFOEnabled
                  0x000b30                  _BMI160_getFIFOCount
                  0x000b4c                  _BMI160_resetFIFO
                  0x000b54                  _BMI160_resetInterrupt
                  0x000b5c                  _BMI160_getFIFOHeaderModeEnabled
                  0x000b6c                  _BMI160_setFIFOHeaderModeEnabled
                  0x000b78                  _BMI160_getFIFOBytes
                  0x000b88                  _BMI160_getIntStatus0
                  0x000b8e                  _BMI160_getIntStatus1
                  0x000b94                  _BMI160_getIntStatus2
                  0x000b9a                  _BMI160_getIntStatus3
                  0x000ba0                  _BMI160_getIntFreefallStatus
                  0x000bb0                  _BMI160_getIntTapStatus
                  0x000bc0                  _BMI160_getIntDoubleTapStatus
                  0x000bd0                  _BMI160_getIntShockStatus
                  0x000be0                  _BMI160_getXNegShockDetected
                  0x000bee                  _BMI160_getXPosShockDetected
                  0x000bfc                  _BMI160_getYNegShockDetected
                  0x000c0a                  _BMI160_getYPosShockDetected
                  0x000c18                  _BMI160_getZNegShockDetected
                  0x000c26                  _BMI160_getZPosShockDetected
                  0x000c34                  _BMI160_getIntStepStatus
                  0x000c44                  _BMI160_getIntMotionStatus
                  0x000c54                  _BMI160_getXNegMotionDetected
                  0x000c62                  _BMI160_getXPosMotionDetected
                  0x000c70                  _BMI160_getYNegMotionDetected
                  0x000c7e                  _BMI160_getYPosMotionDetected
                  0x000c8c                  _BMI160_getZNegMotionDetected
                  0x000c9a                  _BMI160_getZPosMotionDetected
                  0x000ca8                  _BMI160_getXNegTapDetected
                  0x000cba                  _BMI160_getXPosTapDetected
                  0x000ccc                  _BMI160_getYNegTapDetected
                  0x000cde                  _BMI160_getYPosTapDetected
                  0x000cf0                  _BMI160_getZNegTapDetected
                  0x000d02                  _BMI160_getZPosTapDetected
                  0x000d14                  _BMI160_getIntZeroMotionStatus
                  0x000d24                  _BMI160_getIntFIFOBufferFullStatus
                  0x000d34                  _BMI160_getIntDataReadyStatus
                  0x000d44                  _BMI160_getInterruptMode
                  0x000d54                  _BMI160_setInterruptMode
                  0x000d62                  _BMI160_getInterruptDrive
                  0x000d72                  _BMI160_setInterruptDrive
                  0x000d7e                  _BMI160_getInterruptLatch
                  0x000d88                  _BMI160_setInterruptLatch
                  0x000d94                  _BMI160_getIntEnabled
                  0x000da4                  _BMI160_setIntEnabled
                  0x000db0                  _BMI160_getMotion6
                  0x000e14                  _BMI160_getMotion9
                  0x000eb0                  _BMI160_getMotion6Packet
                  0x000f28                  _BMI160_getMotion9Packet
                  0x000fe2                  _BMI160_getAcceleration
                  0x00101e                  _BMI160_getAccelerationX
                  0x00103a                  _BMI160_setXAccelOffset
                  0x001044                  _BMI160_getAccelerationY
                  0x001060                  _BMI160_setYAccelOffset
                  0x00106a                  _BMI160_getAccelerationZ
                  0x001086                  _BMI160_setZAccelOffset
                  0x001090                  _BMI160_getTemperature
                  0x0010ac                  _BMI160_getRotation
                  0x0010e8                  _BMI160_getRotationX
                  0x001104                  _BMI160_setXGyroOffset
                  0x00111e                  _BMI160_getRotationY
                  0x00113a                  _BMI160_setYGyroOffset
                  0x001154                  _BMI160_getRotationZ
                  0x001170                  _BMI160_setZGyroOffset
                  0x00118a                  _BMI160_getMagneto
                  0x0011c6                  _BMI160_getMagnetoX
                  0x0011e2                  _BMI160_getMagnetoY
                  0x0011fe                  _BMI160_getMagnetoZ
                  0x00121a                  _BMI160_getRegister
                  0x00121e                  _BMI160_setRegister
                  0x001222                  _BMX160_writeNVM
                  0x00124e                  _BMX160_setAccelLowPower
                  0x001256                  _BMI160_autoCalibrateAll
                  0x001292                  _BMI160_setOffsets
 .text            0x0012b6        0x99e build/default/production/funcs.o
                  0x0012b6                  _shortWait
                  0x0012c8                  _longWait
                  0x0012ea                  _nibbleToASCII
                  0x0012f8                  _ASCIItoNibble
                  0x001330                  _isValidASCIIHEX
                  0x001366                  _docrc8
                  0x001388                  _ReadEEPROM
                  0x001398                  _WriteEEPROM
                  0x0013f0                  _loadSettingsFromEEPROM
                  0x001426                  _setupPIC
                  0x0014a6                  _debugTX
                  0x0014bc                  _reqFrame
                  0x0014ce                  _updateCRC
                  0x0014ea                  _queueEEPROM
                  0x001548                  _getFlag
                  0x001558                  _queue_sensor_as_ASCII_HEX
                  0x0015d2                  _queue_sensor_as_base_64
                  0x0016b8                  _setFlag
                  0x0016bc                  _clearFlag
                  0x0016c2                  _doProtocolFSM
                  0x001a1e                  _doContinuousRead
                  0x001a26                  _ProcessIO
                  0x001c3e                  _accSend
 .text            0x001c54        0x3aa build/default/production/max32664.o
                  0x001c54                  _system_shdn
                  0x001c88                  _FIFO_CONFIG
                  0x001cbc                  _application_mode
                  0x001cd4                  _set_dev_mode
                  0x001cf4                  _max32664_init
                  0x001d00                  _get_dev_mode
                  0x001d2c                  _MAX32664_testConnection
                  0x001d64                  _PPG_raw_data
                  0x001ee8                  _system_swon
                  0x001f1c                  _MAX32664_getPacket
 .text            0x001ffe        0x102 build/default/production/board_comms.o
                  0x001ffe                  _comms_init
                  0x002002                  _reg_read
                  0x002040                  _reg_write
                  0x002068                  _serial_buffer_transfer
                  0x0020ba                  _reg_write_bits
                  0x0020e8                  _reg_read_bits
 .text            0x002100         0xf2 build/default/production/I2Clib.o
                  0x002126                  _I2C1_Initialize
                  0x00214a                  _I2C1_ErrorCountGet
                  0x00214e                  _I2C1_MasterTRBInsert
                  0x00218e                  _I2C1_MasterReadTRBBuild
                  0x00219a                  _I2C1_MasterRead
                  0x0021bc                  _I2C1_MasterWriteTRBBuild
                  0x0021c4                  _I2C1_MasterWrite
                  0x0021e6                  _I2C1_MasterQueueIsEmpty
                  0x0021ec                  _I2C1_MasterQueueIsFull
 .text            0x0021f2         0xc2 build/default/production/ads1293.o
                  0x0021f2                  _ADS1293_setupExtClockOC
                  0x002208                  _ADS1293_testConnection
                  0x002216                  _ADS1293_init
                  0x00226c                  _ADS1293_getPacket
 .text            0x0022b4         0xb6 build/default/production/SPIlib.o
                  0x0022b4                  _SPI_init
                  0x0022c4                  _SPI_transaction
                  0x002336                  _SPI_reg_read
                  0x002350                  _SPI_reg_write
 .text            0x00236a         0x3e build/default/production/strain_adc.o
                  0x00236a                  _adc_init
                  0x002380                  _Strain_getPacket

.dinit            0x0023a8         0x2c
 .dinit           0x0023a8         0x2c data_init

.text             0x0023d4         0x24
 .text            0x0023d4         0x24 build/default/production/nodemain.o
                  0x0023d4                  _main

.init.delay32     0x0023f8         0x1c
 .init.delay32    0x0023f8         0x1c c:/program files/microchip/xc16/v1.60/bin/bin/../../lib\liblega-pic30-elf.a(delay32.Leo)
                  0x0023f8                  ___delay32

.text             0x002414         0x12
 .text            0x002414         0x12 build/default/production/sensor.o
                  0x002414                  _sensor_init
                  0x00241a                  _sensor_test_connection
                  0x00241e                  _sensor_get_packet_full
                  0x002422                  _sensor_get_packet_lite

.eedata             0xfe00         0x1e load address 0x7ffe00  
 .eedata            0xfe00         0x1e build/default/production/funcs.o
                    0xfe00                  _eeData
